Archive member included to satisfy reference by file (symbol)

e:/7.0/toolchain/avr8/avr8-gnu-toolchain/bin/../lib/gcc/avr/5.4.0/avr5\libgcc.a(_divmodhi4.o)
                              RTOS_LAB1_ATMEGA32.o (__divmodhi4)
e:/7.0/toolchain/avr8/avr8-gnu-toolchain/bin/../lib/gcc/avr/5.4.0/avr5\libgcc.a(_exit.o)
                              E:/7.0/Packs/atmel/ATmega_DFP/1.2.209/gcc/dev/atmega32/avr5/crtatmega32.o (exit)
e:/7.0/toolchain/avr8/avr8-gnu-toolchain/bin/../lib/gcc/avr/5.4.0/avr5\libgcc.a(_tablejump2.o)
                              KeyPad.o (__tablejump2__)
e:/7.0/toolchain/avr8/avr8-gnu-toolchain/bin/../lib/gcc/avr/5.4.0/avr5\libgcc.a(_copy_data.o)
                              RTOS_LAB1_ATMEGA32.o (__do_copy_data)
e:/7.0/toolchain/avr8/avr8-gnu-toolchain/bin/../lib/gcc/avr/5.4.0/avr5\libgcc.a(_clear_bss.o)
                              croutine.o (__do_clear_bss)
e:/7.0/toolchain/avr8/avr8-gnu-toolchain/bin/../lib/gcc/avr/5.4.0/avr5\libgcc.a(_udivmodhi4.o)
                              e:/7.0/toolchain/avr8/avr8-gnu-toolchain/bin/../lib/gcc/avr/5.4.0/avr5\libgcc.a(_divmodhi4.o) (__udivmodhi4)
e:/7.0/toolchain/avr8/avr8-gnu-toolchain/bin/../lib/gcc/avr/5.4.0/../../../../avr/lib/avr5\libc.a(atoi.o)
                              RTOS_LAB1_ATMEGA32.o (atoi)
e:/7.0/toolchain/avr8/avr8-gnu-toolchain/bin/../lib/gcc/avr/5.4.0/../../../../avr/lib/avr5\libc.a(memcpy.o)
                              queue.o (memcpy)
e:/7.0/toolchain/avr8/avr8-gnu-toolchain/bin/../lib/gcc/avr/5.4.0/../../../../avr/lib/avr5\libc.a(memset.o)
                              tasks.o (memset)
e:/7.0/toolchain/avr8/avr8-gnu-toolchain/bin/../lib/gcc/avr/5.4.0/../../../../avr/lib/avr5\libc.a(strncpy.o)
                              tasks.o (strncpy)
e:/7.0/toolchain/avr8/avr8-gnu-toolchain/bin/../lib/gcc/avr/5.4.0/../../../../avr/lib/avr5\libc.a(mul10.o)
                              e:/7.0/toolchain/avr8/avr8-gnu-toolchain/bin/../lib/gcc/avr/5.4.0/../../../../avr/lib/avr5\libc.a(atoi.o) (__mulhi_const_10)

Allocating common symbols
Common symbol       size              file

lcd_data            0x2               RTOS_LAB1_ATMEGA32.o
button              0x2               RTOS_LAB1_ATMEGA32.o
idle                0x2               RTOS_LAB1_ATMEGA32.o

Discarded input sections

 .data          0x00000000        0x0 E:/7.0/Packs/atmel/ATmega_DFP/1.2.209/gcc/dev/atmega32/avr5/crtatmega32.o
 .bss           0x00000000        0x0 E:/7.0/Packs/atmel/ATmega_DFP/1.2.209/gcc/dev/atmega32/avr5/crtatmega32.o
 .text          0x00000000        0x0 croutine.o
 .data          0x00000000        0x0 croutine.o
 .bss           0x00000000        0x0 croutine.o
 .text.xCoRoutineCreate
                0x00000000       0xf0 croutine.o
 .text.vCoRoutineAddToDelayedList
                0x00000000       0x86 croutine.o
 .text.vCoRoutineSchedule
                0x00000000      0x274 croutine.o
 .text.xCoRoutineRemoveFromEventList
                0x00000000       0x4a croutine.o
 .bss.xPassedTicks
                0x00000000        0x2 croutine.o
 .bss.xLastTickCount
                0x00000000        0x2 croutine.o
 .bss.xCoRoutineTickCount
                0x00000000        0x2 croutine.o
 .bss.uxTopCoRoutineReadyPriority
                0x00000000        0x1 croutine.o
 .bss.pxCurrentCoRoutine
                0x00000000        0x2 croutine.o
 .bss.xPendingReadyCoRoutineList
                0x00000000        0x9 croutine.o
 .bss.pxOverflowDelayedCoRoutineList
                0x00000000        0x2 croutine.o
 .bss.pxDelayedCoRoutineList
                0x00000000        0x2 croutine.o
 .bss.xDelayedCoRoutineList2
                0x00000000        0x9 croutine.o
 .bss.xDelayedCoRoutineList1
                0x00000000        0x9 croutine.o
 .bss.pxReadyCoRoutineLists
                0x00000000       0x12 croutine.o
 .debug_info    0x00000000      0x774 croutine.o
 .debug_abbrev  0x00000000      0x232 croutine.o
 .debug_loc     0x00000000      0x3eb croutine.o
 .debug_aranges
                0x00000000       0x38 croutine.o
 .debug_ranges  0x00000000       0x28 croutine.o
 .debug_line    0x00000000      0x2a9 croutine.o
 .debug_str     0x00000000      0x511 croutine.o
 .comment       0x00000000       0x31 croutine.o
 .debug_frame   0x00000000       0xc0 croutine.o
 .text          0x00000000        0x0 DIO_prog.o
 .data          0x00000000        0x0 DIO_prog.o
 .bss           0x00000000        0x0 DIO_prog.o
 .text.DIO_voidInit
                0x00000000        0xe DIO_prog.o
 .text.DIO_voidSetPin
                0x00000000      0x104 DIO_prog.o
 .text.DIO_u8GetPin
                0x00000000       0x72 DIO_prog.o
 .text          0x00000000        0x0 heap_1.o
 .data          0x00000000        0x0 heap_1.o
 .bss           0x00000000        0x0 heap_1.o
 .text.vPortInitialiseBlocks
                0x00000000        0xa heap_1.o
 .text.xPortGetFreeHeapSize
                0x00000000       0x12 heap_1.o
 .text          0x00000000        0x0 KeyPad.o
 .data          0x00000000        0x0 KeyPad.o
 .bss           0x00000000        0x0 KeyPad.o
 .text          0x00000000        0x0 lcd_4bit.o
 .data          0x00000000        0x0 lcd_4bit.o
 .bss           0x00000000        0x0 lcd_4bit.o
 .text          0x00000000        0x0 list.o
 .data          0x00000000        0x0 list.o
 .bss           0x00000000        0x0 list.o
 .text          0x00000000        0x0 port.o
 .data          0x00000000        0x0 port.o
 .bss           0x00000000        0x0 port.o
 .text.vPortEndScheduler
                0x00000000        0x2 port.o
 .text.vPortYieldFromTick
                0x00000000       0xb6 port.o
 .text          0x00000000        0x0 queue.o
 .data          0x00000000        0x0 queue.o
 .bss           0x00000000        0x0 queue.o
 .text.xQueueCreate
                0x00000000       0xa0 queue.o
 .text.xQueueGenericSendFromISR
                0x00000000       0x58 queue.o
 .text.xQueueReceiveFromISR
                0x00000000       0x5a queue.o
 .text.uxQueueMessagesWaiting
                0x00000000       0x10 queue.o
 .text.uxQueueMessagesWaitingFromISR
                0x00000000        0x6 queue.o
 .text.vQueueDelete
                0x00000000       0x1a queue.o
 .text.xQueueIsQueueEmptyFromISR
                0x00000000        0xc queue.o
 .text.xQueueIsQueueFullFromISR
                0x00000000        0xe queue.o
 .text          0x00000000        0x0 RTOS_LAB1_ATMEGA32.o
 .data          0x00000000        0x0 RTOS_LAB1_ATMEGA32.o
 .bss           0x00000000        0x0 RTOS_LAB1_ATMEGA32.o
 .text.pwm      0x00000000       0xd8 RTOS_LAB1_ATMEGA32.o
 .text.blinking_pattern
                0x00000000       0xb0 RTOS_LAB1_ATMEGA32.o
 .text          0x00000000        0x0 tasks.o
 .data          0x00000000        0x0 tasks.o
 .bss           0x00000000        0x0 tasks.o
 .text.vTaskDelete
                0x00000000       0x92 tasks.o
 .text.vTaskEndScheduler
                0x00000000        0xc tasks.o
 .text.xTaskGetTickCountFromISR
                0x00000000        0xa tasks.o
 .text.uxTaskGetNumberOfTasks
                0x00000000        0x6 tasks.o
 .text          0x00000000        0x0 timers.o
 .data          0x00000000        0x0 timers.o
 .bss           0x00000000        0x0 timers.o
 .debug_info    0x00000000       0x6b timers.o
 .debug_abbrev  0x00000000       0x26 timers.o
 .debug_aranges
                0x00000000       0x18 timers.o
 .debug_line    0x00000000       0x1a timers.o
 .debug_str     0x00000000      0x167 timers.o
 .comment       0x00000000       0x31 timers.o
 .text          0x00000000        0x0 e:/7.0/toolchain/avr8/avr8-gnu-toolchain/bin/../lib/gcc/avr/5.4.0/avr5\libgcc.a(_divmodhi4.o)
 .data          0x00000000        0x0 e:/7.0/toolchain/avr8/avr8-gnu-toolchain/bin/../lib/gcc/avr/5.4.0/avr5\libgcc.a(_divmodhi4.o)
 .bss           0x00000000        0x0 e:/7.0/toolchain/avr8/avr8-gnu-toolchain/bin/../lib/gcc/avr/5.4.0/avr5\libgcc.a(_divmodhi4.o)
 .text.libgcc.mul
                0x00000000        0x0 e:/7.0/toolchain/avr8/avr8-gnu-toolchain/bin/../lib/gcc/avr/5.4.0/avr5\libgcc.a(_divmodhi4.o)
 .text.libgcc   0x00000000        0x0 e:/7.0/toolchain/avr8/avr8-gnu-toolchain/bin/../lib/gcc/avr/5.4.0/avr5\libgcc.a(_divmodhi4.o)
 .text.libgcc.prologue
                0x00000000        0x0 e:/7.0/toolchain/avr8/avr8-gnu-toolchain/bin/../lib/gcc/avr/5.4.0/avr5\libgcc.a(_divmodhi4.o)
 .text.libgcc.builtins
                0x00000000        0x0 e:/7.0/toolchain/avr8/avr8-gnu-toolchain/bin/../lib/gcc/avr/5.4.0/avr5\libgcc.a(_divmodhi4.o)
 .text.libgcc.fmul
                0x00000000        0x0 e:/7.0/toolchain/avr8/avr8-gnu-toolchain/bin/../lib/gcc/avr/5.4.0/avr5\libgcc.a(_divmodhi4.o)
 .text.libgcc.fixed
                0x00000000        0x0 e:/7.0/toolchain/avr8/avr8-gnu-toolchain/bin/../lib/gcc/avr/5.4.0/avr5\libgcc.a(_divmodhi4.o)
 .text          0x00000000        0x0 e:/7.0/toolchain/avr8/avr8-gnu-toolchain/bin/../lib/gcc/avr/5.4.0/avr5\libgcc.a(_exit.o)
 .data          0x00000000        0x0 e:/7.0/toolchain/avr8/avr8-gnu-toolchain/bin/../lib/gcc/avr/5.4.0/avr5\libgcc.a(_exit.o)
 .bss           0x00000000        0x0 e:/7.0/toolchain/avr8/avr8-gnu-toolchain/bin/../lib/gcc/avr/5.4.0/avr5\libgcc.a(_exit.o)
 .text.libgcc.mul
                0x00000000        0x0 e:/7.0/toolchain/avr8/avr8-gnu-toolchain/bin/../lib/gcc/avr/5.4.0/avr5\libgcc.a(_exit.o)
 .text.libgcc.div
                0x00000000        0x0 e:/7.0/toolchain/avr8/avr8-gnu-toolchain/bin/../lib/gcc/avr/5.4.0/avr5\libgcc.a(_exit.o)
 .text.libgcc   0x00000000        0x0 e:/7.0/toolchain/avr8/avr8-gnu-toolchain/bin/../lib/gcc/avr/5.4.0/avr5\libgcc.a(_exit.o)
 .text.libgcc.prologue
                0x00000000        0x0 e:/7.0/toolchain/avr8/avr8-gnu-toolchain/bin/../lib/gcc/avr/5.4.0/avr5\libgcc.a(_exit.o)
 .text.libgcc.builtins
                0x00000000        0x0 e:/7.0/toolchain/avr8/avr8-gnu-toolchain/bin/../lib/gcc/avr/5.4.0/avr5\libgcc.a(_exit.o)
 .text.libgcc.fmul
                0x00000000        0x0 e:/7.0/toolchain/avr8/avr8-gnu-toolchain/bin/../lib/gcc/avr/5.4.0/avr5\libgcc.a(_exit.o)
 .text.libgcc.fixed
                0x00000000        0x0 e:/7.0/toolchain/avr8/avr8-gnu-toolchain/bin/../lib/gcc/avr/5.4.0/avr5\libgcc.a(_exit.o)
 .text          0x00000000        0x0 e:/7.0/toolchain/avr8/avr8-gnu-toolchain/bin/../lib/gcc/avr/5.4.0/avr5\libgcc.a(_tablejump2.o)
 .data          0x00000000        0x0 e:/7.0/toolchain/avr8/avr8-gnu-toolchain/bin/../lib/gcc/avr/5.4.0/avr5\libgcc.a(_tablejump2.o)
 .bss           0x00000000        0x0 e:/7.0/toolchain/avr8/avr8-gnu-toolchain/bin/../lib/gcc/avr/5.4.0/avr5\libgcc.a(_tablejump2.o)
 .text.libgcc.mul
                0x00000000        0x0 e:/7.0/toolchain/avr8/avr8-gnu-toolchain/bin/../lib/gcc/avr/5.4.0/avr5\libgcc.a(_tablejump2.o)
 .text.libgcc.div
                0x00000000        0x0 e:/7.0/toolchain/avr8/avr8-gnu-toolchain/bin/../lib/gcc/avr/5.4.0/avr5\libgcc.a(_tablejump2.o)
 .text.libgcc.prologue
                0x00000000        0x0 e:/7.0/toolchain/avr8/avr8-gnu-toolchain/bin/../lib/gcc/avr/5.4.0/avr5\libgcc.a(_tablejump2.o)
 .text.libgcc.builtins
                0x00000000        0x0 e:/7.0/toolchain/avr8/avr8-gnu-toolchain/bin/../lib/gcc/avr/5.4.0/avr5\libgcc.a(_tablejump2.o)
 .text.libgcc.fmul
                0x00000000        0x0 e:/7.0/toolchain/avr8/avr8-gnu-toolchain/bin/../lib/gcc/avr/5.4.0/avr5\libgcc.a(_tablejump2.o)
 .text.libgcc.fixed
                0x00000000        0x0 e:/7.0/toolchain/avr8/avr8-gnu-toolchain/bin/../lib/gcc/avr/5.4.0/avr5\libgcc.a(_tablejump2.o)
 .text          0x00000000        0x0 e:/7.0/toolchain/avr8/avr8-gnu-toolchain/bin/../lib/gcc/avr/5.4.0/avr5\libgcc.a(_copy_data.o)
 .data          0x00000000        0x0 e:/7.0/toolchain/avr8/avr8-gnu-toolchain/bin/../lib/gcc/avr/5.4.0/avr5\libgcc.a(_copy_data.o)
 .bss           0x00000000        0x0 e:/7.0/toolchain/avr8/avr8-gnu-toolchain/bin/../lib/gcc/avr/5.4.0/avr5\libgcc.a(_copy_data.o)
 .text.libgcc.mul
                0x00000000        0x0 e:/7.0/toolchain/avr8/avr8-gnu-toolchain/bin/../lib/gcc/avr/5.4.0/avr5\libgcc.a(_copy_data.o)
 .text.libgcc.div
                0x00000000        0x0 e:/7.0/toolchain/avr8/avr8-gnu-toolchain/bin/../lib/gcc/avr/5.4.0/avr5\libgcc.a(_copy_data.o)
 .text.libgcc   0x00000000        0x0 e:/7.0/toolchain/avr8/avr8-gnu-toolchain/bin/../lib/gcc/avr/5.4.0/avr5\libgcc.a(_copy_data.o)
 .text.libgcc.prologue
                0x00000000        0x0 e:/7.0/toolchain/avr8/avr8-gnu-toolchain/bin/../lib/gcc/avr/5.4.0/avr5\libgcc.a(_copy_data.o)
 .text.libgcc.builtins
                0x00000000        0x0 e:/7.0/toolchain/avr8/avr8-gnu-toolchain/bin/../lib/gcc/avr/5.4.0/avr5\libgcc.a(_copy_data.o)
 .text.libgcc.fmul
                0x00000000        0x0 e:/7.0/toolchain/avr8/avr8-gnu-toolchain/bin/../lib/gcc/avr/5.4.0/avr5\libgcc.a(_copy_data.o)
 .text.libgcc.fixed
                0x00000000        0x0 e:/7.0/toolchain/avr8/avr8-gnu-toolchain/bin/../lib/gcc/avr/5.4.0/avr5\libgcc.a(_copy_data.o)
 .text          0x00000000        0x0 e:/7.0/toolchain/avr8/avr8-gnu-toolchain/bin/../lib/gcc/avr/5.4.0/avr5\libgcc.a(_clear_bss.o)
 .data          0x00000000        0x0 e:/7.0/toolchain/avr8/avr8-gnu-toolchain/bin/../lib/gcc/avr/5.4.0/avr5\libgcc.a(_clear_bss.o)
 .bss           0x00000000        0x0 e:/7.0/toolchain/avr8/avr8-gnu-toolchain/bin/../lib/gcc/avr/5.4.0/avr5\libgcc.a(_clear_bss.o)
 .text.libgcc.mul
                0x00000000        0x0 e:/7.0/toolchain/avr8/avr8-gnu-toolchain/bin/../lib/gcc/avr/5.4.0/avr5\libgcc.a(_clear_bss.o)
 .text.libgcc.div
                0x00000000        0x0 e:/7.0/toolchain/avr8/avr8-gnu-toolchain/bin/../lib/gcc/avr/5.4.0/avr5\libgcc.a(_clear_bss.o)
 .text.libgcc   0x00000000        0x0 e:/7.0/toolchain/avr8/avr8-gnu-toolchain/bin/../lib/gcc/avr/5.4.0/avr5\libgcc.a(_clear_bss.o)
 .text.libgcc.prologue
                0x00000000        0x0 e:/7.0/toolchain/avr8/avr8-gnu-toolchain/bin/../lib/gcc/avr/5.4.0/avr5\libgcc.a(_clear_bss.o)
 .text.libgcc.builtins
                0x00000000        0x0 e:/7.0/toolchain/avr8/avr8-gnu-toolchain/bin/../lib/gcc/avr/5.4.0/avr5\libgcc.a(_clear_bss.o)
 .text.libgcc.fmul
                0x00000000        0x0 e:/7.0/toolchain/avr8/avr8-gnu-toolchain/bin/../lib/gcc/avr/5.4.0/avr5\libgcc.a(_clear_bss.o)
 .text.libgcc.fixed
                0x00000000        0x0 e:/7.0/toolchain/avr8/avr8-gnu-toolchain/bin/../lib/gcc/avr/5.4.0/avr5\libgcc.a(_clear_bss.o)
 .text          0x00000000        0x0 e:/7.0/toolchain/avr8/avr8-gnu-toolchain/bin/../lib/gcc/avr/5.4.0/avr5\libgcc.a(_udivmodhi4.o)
 .data          0x00000000        0x0 e:/7.0/toolchain/avr8/avr8-gnu-toolchain/bin/../lib/gcc/avr/5.4.0/avr5\libgcc.a(_udivmodhi4.o)
 .bss           0x00000000        0x0 e:/7.0/toolchain/avr8/avr8-gnu-toolchain/bin/../lib/gcc/avr/5.4.0/avr5\libgcc.a(_udivmodhi4.o)
 .text.libgcc.mul
                0x00000000        0x0 e:/7.0/toolchain/avr8/avr8-gnu-toolchain/bin/../lib/gcc/avr/5.4.0/avr5\libgcc.a(_udivmodhi4.o)
 .text.libgcc   0x00000000        0x0 e:/7.0/toolchain/avr8/avr8-gnu-toolchain/bin/../lib/gcc/avr/5.4.0/avr5\libgcc.a(_udivmodhi4.o)
 .text.libgcc.prologue
                0x00000000        0x0 e:/7.0/toolchain/avr8/avr8-gnu-toolchain/bin/../lib/gcc/avr/5.4.0/avr5\libgcc.a(_udivmodhi4.o)
 .text.libgcc.builtins
                0x00000000        0x0 e:/7.0/toolchain/avr8/avr8-gnu-toolchain/bin/../lib/gcc/avr/5.4.0/avr5\libgcc.a(_udivmodhi4.o)
 .text.libgcc.fmul
                0x00000000        0x0 e:/7.0/toolchain/avr8/avr8-gnu-toolchain/bin/../lib/gcc/avr/5.4.0/avr5\libgcc.a(_udivmodhi4.o)
 .text.libgcc.fixed
                0x00000000        0x0 e:/7.0/toolchain/avr8/avr8-gnu-toolchain/bin/../lib/gcc/avr/5.4.0/avr5\libgcc.a(_udivmodhi4.o)
 .text          0x00000000        0x0 e:/7.0/toolchain/avr8/avr8-gnu-toolchain/bin/../lib/gcc/avr/5.4.0/../../../../avr/lib/avr5\libc.a(atoi.o)
 .data          0x00000000        0x0 e:/7.0/toolchain/avr8/avr8-gnu-toolchain/bin/../lib/gcc/avr/5.4.0/../../../../avr/lib/avr5\libc.a(atoi.o)
 .bss           0x00000000        0x0 e:/7.0/toolchain/avr8/avr8-gnu-toolchain/bin/../lib/gcc/avr/5.4.0/../../../../avr/lib/avr5\libc.a(atoi.o)
 .text          0x00000000        0x0 e:/7.0/toolchain/avr8/avr8-gnu-toolchain/bin/../lib/gcc/avr/5.4.0/../../../../avr/lib/avr5\libc.a(memcpy.o)
 .data          0x00000000        0x0 e:/7.0/toolchain/avr8/avr8-gnu-toolchain/bin/../lib/gcc/avr/5.4.0/../../../../avr/lib/avr5\libc.a(memcpy.o)
 .bss           0x00000000        0x0 e:/7.0/toolchain/avr8/avr8-gnu-toolchain/bin/../lib/gcc/avr/5.4.0/../../../../avr/lib/avr5\libc.a(memcpy.o)
 .text          0x00000000        0x0 e:/7.0/toolchain/avr8/avr8-gnu-toolchain/bin/../lib/gcc/avr/5.4.0/../../../../avr/lib/avr5\libc.a(memset.o)
 .data          0x00000000        0x0 e:/7.0/toolchain/avr8/avr8-gnu-toolchain/bin/../lib/gcc/avr/5.4.0/../../../../avr/lib/avr5\libc.a(memset.o)
 .bss           0x00000000        0x0 e:/7.0/toolchain/avr8/avr8-gnu-toolchain/bin/../lib/gcc/avr/5.4.0/../../../../avr/lib/avr5\libc.a(memset.o)
 .text          0x00000000        0x0 e:/7.0/toolchain/avr8/avr8-gnu-toolchain/bin/../lib/gcc/avr/5.4.0/../../../../avr/lib/avr5\libc.a(strncpy.o)
 .data          0x00000000        0x0 e:/7.0/toolchain/avr8/avr8-gnu-toolchain/bin/../lib/gcc/avr/5.4.0/../../../../avr/lib/avr5\libc.a(strncpy.o)
 .bss           0x00000000        0x0 e:/7.0/toolchain/avr8/avr8-gnu-toolchain/bin/../lib/gcc/avr/5.4.0/../../../../avr/lib/avr5\libc.a(strncpy.o)
 .text          0x00000000        0x0 e:/7.0/toolchain/avr8/avr8-gnu-toolchain/bin/../lib/gcc/avr/5.4.0/../../../../avr/lib/avr5\libc.a(mul10.o)
 .data          0x00000000        0x0 e:/7.0/toolchain/avr8/avr8-gnu-toolchain/bin/../lib/gcc/avr/5.4.0/../../../../avr/lib/avr5\libc.a(mul10.o)
 .bss           0x00000000        0x0 e:/7.0/toolchain/avr8/avr8-gnu-toolchain/bin/../lib/gcc/avr/5.4.0/../../../../avr/lib/avr5\libc.a(mul10.o)

Memory Configuration

Name             Origin             Length             Attributes
text             0x00000000         0x00020000         xr
data             0x00800060         0x0000ffa0         rw !x
eeprom           0x00810000         0x00010000         rw !x
fuse             0x00820000         0x00000002         rw !x
lock             0x00830000         0x00000400         rw !x
signature        0x00840000         0x00000400         rw !x
user_signatures  0x00850000         0x00000400         rw !x
*default*        0x00000000         0xffffffff

Linker script and memory map

LOAD E:/7.0/Packs/atmel/ATmega_DFP/1.2.209/gcc/dev/atmega32/avr5/crtatmega32.o
LOAD croutine.o
LOAD DIO_prog.o
LOAD heap_1.o
LOAD KeyPad.o
LOAD lcd_4bit.o
LOAD list.o
LOAD port.o
LOAD queue.o
LOAD RTOS_LAB1_ATMEGA32.o
LOAD tasks.o
LOAD timers.o
START GROUP
LOAD e:/7.0/toolchain/avr8/avr8-gnu-toolchain/bin/../lib/gcc/avr/5.4.0/../../../../avr/lib/avr5\libm.a
END GROUP
START GROUP
LOAD e:/7.0/toolchain/avr8/avr8-gnu-toolchain/bin/../lib/gcc/avr/5.4.0/avr5\libgcc.a
LOAD e:/7.0/toolchain/avr8/avr8-gnu-toolchain/bin/../lib/gcc/avr/5.4.0/../../../../avr/lib/avr5\libm.a
LOAD e:/7.0/toolchain/avr8/avr8-gnu-toolchain/bin/../lib/gcc/avr/5.4.0/../../../../avr/lib/avr5\libc.a
LOAD E:/7.0/Packs/atmel/ATmega_DFP/1.2.209/gcc/dev/atmega32/avr5\libatmega32.a
END GROUP
                0x00020000                __TEXT_REGION_LENGTH__ = DEFINED (__TEXT_REGION_LENGTH__)?__TEXT_REGION_LENGTH__:0x20000
                0x0000ffa0                __DATA_REGION_LENGTH__ = DEFINED (__DATA_REGION_LENGTH__)?__DATA_REGION_LENGTH__:0xffa0
                0x00010000                __EEPROM_REGION_LENGTH__ = DEFINED (__EEPROM_REGION_LENGTH__)?__EEPROM_REGION_LENGTH__:0x10000
                [0x00000002]                __FUSE_REGION_LENGTH__ = DEFINED (__FUSE_REGION_LENGTH__)?__FUSE_REGION_LENGTH__:0x400
                0x00000400                __LOCK_REGION_LENGTH__ = DEFINED (__LOCK_REGION_LENGTH__)?__LOCK_REGION_LENGTH__:0x400
                0x00000400                __SIGNATURE_REGION_LENGTH__ = DEFINED (__SIGNATURE_REGION_LENGTH__)?__SIGNATURE_REGION_LENGTH__:0x400
                0x00000400                __USER_SIGNATURE_REGION_LENGTH__ = DEFINED (__USER_SIGNATURE_REGION_LENGTH__)?__USER_SIGNATURE_REGION_LENGTH__:0x400

.hash
 *(.hash)

.dynsym
 *(.dynsym)

.dynstr
 *(.dynstr)

.gnu.version
 *(.gnu.version)

.gnu.version_d
 *(.gnu.version_d)

.gnu.version_r
 *(.gnu.version_r)

.rel.init
 *(.rel.init)

.rela.init
 *(.rela.init)

.rel.text
 *(.rel.text)
 *(.rel.text.*)
 *(.rel.gnu.linkonce.t*)

.rela.text
 *(.rela.text)
 *(.rela.text.*)
 *(.rela.gnu.linkonce.t*)

.rel.fini
 *(.rel.fini)

.rela.fini
 *(.rela.fini)

.rel.rodata
 *(.rel.rodata)
 *(.rel.rodata.*)
 *(.rel.gnu.linkonce.r*)

.rela.rodata
 *(.rela.rodata)
 *(.rela.rodata.*)
 *(.rela.gnu.linkonce.r*)

.rel.data
 *(.rel.data)
 *(.rel.data.*)
 *(.rel.gnu.linkonce.d*)

.rela.data
 *(.rela.data)
 *(.rela.data.*)
 *(.rela.gnu.linkonce.d*)

.rel.ctors
 *(.rel.ctors)

.rela.ctors
 *(.rela.ctors)

.rel.dtors
 *(.rel.dtors)

.rela.dtors
 *(.rela.dtors)

.rel.got
 *(.rel.got)

.rela.got
 *(.rela.got)

.rel.bss
 *(.rel.bss)

.rela.bss
 *(.rela.bss)

.rel.plt
 *(.rel.plt)

.rela.plt
 *(.rela.plt)

.text           0x00000000     0x195a
 *(.vectors)
 .vectors       0x00000000       0x54 E:/7.0/Packs/atmel/ATmega_DFP/1.2.209/gcc/dev/atmega32/avr5/crtatmega32.o
                0x00000000                __vector_default
                0x00000000                __vectors
 *(.vectors)
 *(.progmem.gcc*)
 .progmem.gcc_sw_table.KeyPad_u8AdjustKeyNumber
                0x00000054       0x20 KeyPad.o
                0x00000074                . = ALIGN (0x2)
                0x00000074                __trampolines_start = .
 *(.trampolines)
 .trampolines   0x00000074        0x0 linker stubs
 *(.trampolines*)
                0x00000074                __trampolines_end = .
 *libprintf_flt.a:*(.progmem.data)
 *libc.a:*(.progmem.data)
 *(.progmem*)
                0x00000074                . = ALIGN (0x2)
 *(.jumptables)
 *(.jumptables*)
 *(.lowtext)
 *(.lowtext*)
                0x00000074                __ctors_start = .
 *(.ctors)
                0x00000074                __ctors_end = .
                0x00000074                __dtors_start = .
 *(.dtors)
                0x00000074                __dtors_end = .
 SORT(*)(.ctors)
 SORT(*)(.dtors)
 *(.init0)
 .init0         0x00000074        0x0 E:/7.0/Packs/atmel/ATmega_DFP/1.2.209/gcc/dev/atmega32/avr5/crtatmega32.o
                0x00000074                __init
 *(.init0)
 *(.init1)
 *(.init1)
 *(.init2)
 .init2         0x00000074        0xc E:/7.0/Packs/atmel/ATmega_DFP/1.2.209/gcc/dev/atmega32/avr5/crtatmega32.o
 *(.init2)
 *(.init3)
 *(.init3)
 *(.init4)
 .init4         0x00000080       0x16 e:/7.0/toolchain/avr8/avr8-gnu-toolchain/bin/../lib/gcc/avr/5.4.0/avr5\libgcc.a(_copy_data.o)
                0x00000080                __do_copy_data
 .init4         0x00000096       0x10 e:/7.0/toolchain/avr8/avr8-gnu-toolchain/bin/../lib/gcc/avr/5.4.0/avr5\libgcc.a(_clear_bss.o)
                0x00000096                __do_clear_bss
 *(.init4)
 *(.init5)
 *(.init5)
 *(.init6)
 *(.init6)
 *(.init7)
 *(.init7)
 *(.init8)
 *(.init8)
 *(.init9)
 .init9         0x000000a6        0x8 E:/7.0/Packs/atmel/ATmega_DFP/1.2.209/gcc/dev/atmega32/avr5/crtatmega32.o
 *(.init9)
 *(.text)
 .text          0x000000ae        0x4 E:/7.0/Packs/atmel/ATmega_DFP/1.2.209/gcc/dev/atmega32/avr5/crtatmega32.o
                0x000000ae                __vector_1
                0x000000ae                __vector_12
                0x000000ae                __bad_interrupt
                0x000000ae                __vector_6
                0x000000ae                __vector_3
                0x000000ae                __vector_11
                0x000000ae                __vector_13
                0x000000ae                __vector_17
                0x000000ae                __vector_19
                0x000000ae                __vector_5
                0x000000ae                __vector_4
                0x000000ae                __vector_9
                0x000000ae                __vector_2
                0x000000ae                __vector_15
                0x000000ae                __vector_8
                0x000000ae                __vector_14
                0x000000ae                __vector_10
                0x000000ae                __vector_16
                0x000000ae                __vector_18
                0x000000ae                __vector_20
                0x000000b2                . = ALIGN (0x2)
 *(.text.*)
 .text.DIO_voidSetPort
                0x000000b2       0x20 DIO_prog.o
                0x000000b2                DIO_voidSetPort
 .text.DIO_voidSetPortDir
                0x000000d2       0x20 DIO_prog.o
                0x000000d2                DIO_voidSetPortDir
 .text.DIO_u8GetPinInPort
                0x000000f2       0x5c DIO_prog.o
                0x000000f2                DIO_u8GetPinInPort
 .text.pvPortMalloc
                0x0000014e       0x4c heap_1.o
                0x0000014e                pvPortMalloc
 .text.vPortFree
                0x0000019a        0x2 heap_1.o
                0x0000019a                vPortFree
 .text.KeyPad_u8AdjustKeyNumber
                0x0000019c       0x58 KeyPad.o
                0x0000019c                KeyPad_u8AdjustKeyNumber
 .text.KeyPad_u8GetPressedKey
                0x000001f4       0xa0 KeyPad.o
                0x000001f4                KeyPad_u8GetPressedKey
 .text.enableTrigger
                0x00000294       0x1e lcd_4bit.o
                0x00000294                enableTrigger
 .text.lcd_sendCommand
                0x000002b2       0x34 lcd_4bit.o
                0x000002b2                lcd_sendCommand
 .text.lcd_init
                0x000002e6       0x22 lcd_4bit.o
                0x000002e6                lcd_init
 .text.lcd_displayChar
                0x00000308       0x34 lcd_4bit.o
                0x00000308                lcd_displayChar
 .text.lcd_gotoxy
                0x0000033c       0x30 lcd_4bit.o
                0x0000033c                lcd_gotoxy
 .text.lcd_clrScreen
                0x0000036c        0x8 lcd_4bit.o
                0x0000036c                lcd_clrScreen
 .text.lcd_dispString
                0x00000374       0x1e lcd_4bit.o
                0x00000374                lcd_dispString
 .text.lcd_disp_string_xy
                0x00000392       0x1a lcd_4bit.o
                0x00000392                lcd_disp_string_xy
 .text.vListInitialise
                0x000003ac       0x1c list.o
                0x000003ac                vListInitialise
 .text.vListInitialiseItem
                0x000003c8        0x8 list.o
                0x000003c8                vListInitialiseItem
 .text.vListInsertEnd
                0x000003d0       0x4e list.o
                0x000003d0                vListInsertEnd
 .text.vListInsert
                0x0000041e       0x76 list.o
                0x0000041e                vListInsert
 .text.vListRemove
                0x00000494       0x4c list.o
                0x00000494                vListRemove
 .text.pxPortInitialiseStack
                0x000004e0       0xd8 port.o
                0x000004e0                pxPortInitialiseStack
 .text.xPortStartScheduler
                0x000005b8       0x6a port.o
                0x000005b8                xPortStartScheduler
 .text.vPortYield
                0x00000622       0xb2 port.o
                0x00000622                vPortYield
 .text.__vector_7
                0x000006d4       0x48 port.o
                0x000006d4                __vector_7
 .text.prvCopyDataToQueue
                0x0000071c       0x82 queue.o
 .text.prvCopyDataFromQueue
                0x0000079e       0x34 queue.o
 .text.prvUnlockQueue
                0x000007d2       0x94 queue.o
 .text.xQueueGenericSend
                0x00000866      0x134 queue.o
                0x00000866                xQueueGenericSend
 .text.xQueueGenericReceive
                0x0000099a      0x158 queue.o
                0x0000099a                xQueueGenericReceive
 .text.main     0x00000af2       0x86 RTOS_LAB1_ATMEGA32.o
                0x00000af2                main
 .text.welcome  0x00000b78       0x78 RTOS_LAB1_ATMEGA32.o
                0x00000b78                welcome
 .text.screen_saver
                0x00000bf0       0x48 RTOS_LAB1_ATMEGA32.o
                0x00000bf0                screen_saver
 .text.task_keypad
                0x00000c38       0x68 RTOS_LAB1_ATMEGA32.o
                0x00000c38                task_keypad
 .text.dispaly_integer
                0x00000ca0       0x58 RTOS_LAB1_ATMEGA32.o
                0x00000ca0                dispaly_integer
 .text.calc_operation
                0x00000cf8      0x208 RTOS_LAB1_ATMEGA32.o
                0x00000cf8                calc_operation
 .text.task_lcd
                0x00000f00       0x88 RTOS_LAB1_ATMEGA32.o
                0x00000f00                task_lcd
 .text.prvAddCurrentTaskToDelayedList
                0x00000f88       0x6e tasks.o
 .text.xTaskGenericCreate
                0x00000ff6      0x212 tasks.o
                0x00000ff6                xTaskGenericCreate
 .text.vTaskStartScheduler
                0x00001208       0x56 tasks.o
                0x00001208                vTaskStartScheduler
 .text.vTaskSuspendAll
                0x0000125e        0xc tasks.o
                0x0000125e                vTaskSuspendAll
 .text.xTaskGetTickCount
                0x0000126a       0x14 tasks.o
                0x0000126a                xTaskGetTickCount
 .text.vTaskIncrementTick
                0x0000127e      0x188 tasks.o
                0x0000127e                vTaskIncrementTick
 .text.xTaskResumeAll
                0x00001406      0x10a tasks.o
                0x00001406                xTaskResumeAll
 .text.vTaskDelayUntil
                0x00001510       0x94 tasks.o
                0x00001510                vTaskDelayUntil
 .text.vTaskDelay
                0x000015a4       0x40 tasks.o
                0x000015a4                vTaskDelay
 .text.prvIdleTask
                0x000015e4       0x64 tasks.o
 .text.vTaskSwitchContext
                0x00001648       0xd8 tasks.o
                0x00001648                vTaskSwitchContext
 .text.vTaskPlaceOnEventList
                0x00001720       0x3a tasks.o
                0x00001720                vTaskPlaceOnEventList
 .text.xTaskRemoveFromEventList
                0x0000175a       0x8a tasks.o
                0x0000175a                xTaskRemoveFromEventList
 .text.vTaskSetTimeOutState
                0x000017e4       0x16 tasks.o
                0x000017e4                vTaskSetTimeOutState
 .text.xTaskCheckForTimeOut
                0x000017fa       0x6e tasks.o
                0x000017fa                xTaskCheckForTimeOut
 .text.vTaskMissedYield
                0x00001868        0x8 tasks.o
                0x00001868                vTaskMissedYield
 .text.libgcc.div
                0x00001870       0x28 e:/7.0/toolchain/avr8/avr8-gnu-toolchain/bin/../lib/gcc/avr/5.4.0/avr5\libgcc.a(_divmodhi4.o)
                0x00001870                _div
                0x00001870                __divmodhi4
 .text.libgcc   0x00001898        0xc e:/7.0/toolchain/avr8/avr8-gnu-toolchain/bin/../lib/gcc/avr/5.4.0/avr5\libgcc.a(_tablejump2.o)
                0x00001898                __tablejump2__
 .text.libgcc.div
                0x000018a4       0x28 e:/7.0/toolchain/avr8/avr8-gnu-toolchain/bin/../lib/gcc/avr/5.4.0/avr5\libgcc.a(_udivmodhi4.o)
                0x000018a4                __udivmodhi4
 .text.avr-libc
                0x000018cc       0x3c e:/7.0/toolchain/avr8/avr8-gnu-toolchain/bin/../lib/gcc/avr/5.4.0/../../../../avr/lib/avr5\libc.a(atoi.o)
                0x000018cc                atoi
 .text.avr-libc
                0x00001908       0x12 e:/7.0/toolchain/avr8/avr8-gnu-toolchain/bin/../lib/gcc/avr/5.4.0/../../../../avr/lib/avr5\libc.a(memcpy.o)
                0x00001908                memcpy
 .text.avr-libc
                0x0000191a        0xe e:/7.0/toolchain/avr8/avr8-gnu-toolchain/bin/../lib/gcc/avr/5.4.0/../../../../avr/lib/avr5\libc.a(memset.o)
                0x0000191a                memset
 .text.avr-libc
                0x00001928       0x1e e:/7.0/toolchain/avr8/avr8-gnu-toolchain/bin/../lib/gcc/avr/5.4.0/../../../../avr/lib/avr5\libc.a(strncpy.o)
                0x00001928                strncpy
 .text.avr-libc
                0x00001946       0x10 e:/7.0/toolchain/avr8/avr8-gnu-toolchain/bin/../lib/gcc/avr/5.4.0/../../../../avr/lib/avr5\libc.a(mul10.o)
                0x00001946                __mulhi_const_10
                0x00001956                . = ALIGN (0x2)
 *(.fini9)
 .fini9         0x00001956        0x0 e:/7.0/toolchain/avr8/avr8-gnu-toolchain/bin/../lib/gcc/avr/5.4.0/avr5\libgcc.a(_exit.o)
                0x00001956                _exit
                0x00001956                exit
 *(.fini9)
 *(.fini8)
 *(.fini8)
 *(.fini7)
 *(.fini7)
 *(.fini6)
 *(.fini6)
 *(.fini5)
 *(.fini5)
 *(.fini4)
 *(.fini4)
 *(.fini3)
 *(.fini3)
 *(.fini2)
 *(.fini2)
 *(.fini1)
 *(.fini1)
 *(.fini0)
 .fini0         0x00001956        0x4 e:/7.0/toolchain/avr8/avr8-gnu-toolchain/bin/../lib/gcc/avr/5.4.0/avr5\libgcc.a(_exit.o)
 *(.fini0)
                0x0000195a                _etext = .

.data           0x00800060       0x38 load address 0x0000195a
                0x00800060                PROVIDE (__data_start, .)
 *(.data)
 *(.data*)
 .data.equation_op.2236
                0x00800060        0x1 RTOS_LAB1_ATMEGA32.o
 .data.xNextTaskUnblockTime
                0x00800061        0x2 tasks.o
 *(.gnu.linkonce.d*)
 *(.rodata)
 *(.rodata*)
 .rodata.str1.1
                0x00800063       0x2f RTOS_LAB1_ATMEGA32.o
 .rodata.str1.1
                0x00800092        0x5 tasks.o
 *(.gnu.linkonce.r*)
                0x00800098                . = ALIGN (0x2)
 *fill*         0x00800097        0x1 
                0x00800098                _edata = .
                0x00800098                PROVIDE (__data_end, .)

.bss            0x00800098      0x2eb
                0x00800098                PROVIDE (__bss_start, .)
 *(.bss)
 *(.bss*)
 .bss.xNextFreeByte
                0x00800098        0x2 heap_1.o
 .bss.xHeap     0x0080009a      0x258 heap_1.o
 .bss.result.2238
                0x008002f2        0x2 RTOS_LAB1_ATMEGA32.o
 .bss.op1_int.2239
                0x008002f4        0x2 RTOS_LAB1_ATMEGA32.o
 .bss.op2.2234  0x008002f6       0x10 RTOS_LAB1_ATMEGA32.o
 .bss.op2_count.2235
                0x00800306        0x1 RTOS_LAB1_ATMEGA32.o
 .bss.op1.2232  0x00800307       0x10 RTOS_LAB1_ATMEGA32.o
 .bss.op1_count.2233
                0x00800317        0x1 RTOS_LAB1_ATMEGA32.o
 .bss.op1_complete.2237
                0x00800318        0x1 RTOS_LAB1_ATMEGA32.o
 .bss.current_position.2241
                0x00800319        0x1 RTOS_LAB1_ATMEGA32.o
 .bss.uxTaskNumber
                0x0080031a        0x1 tasks.o
 .bss.xNumOfOverflows
                0x0080031b        0x1 tasks.o
 .bss.xMissedYield
                0x0080031c        0x1 tasks.o
 .bss.uxMissedTicks
                0x0080031d        0x1 tasks.o
 .bss.uxSchedulerSuspended
                0x0080031e        0x1 tasks.o
 .bss.xSchedulerRunning
                0x0080031f        0x1 tasks.o
 .bss.uxTopReadyPriority
                0x00800320        0x1 tasks.o
 .bss.uxTopUsedPriority
                0x00800321        0x1 tasks.o
 .bss.xTickCount
                0x00800322        0x2 tasks.o
 .bss.uxCurrentNumberOfTasks
                0x00800324        0x1 tasks.o
 .bss.uxTasksDeleted
                0x00800325        0x1 tasks.o
 .bss.xTasksWaitingTermination
                0x00800326        0x9 tasks.o
 .bss.xPendingReadyList
                0x0080032f        0x9 tasks.o
 .bss.pxOverflowDelayedTaskList
                0x00800338        0x2 tasks.o
 .bss.pxDelayedTaskList
                0x0080033a        0x2 tasks.o
 .bss.xDelayedTaskList2
                0x0080033c        0x9 tasks.o
 .bss.xDelayedTaskList1
                0x00800345        0x9 tasks.o
 .bss.pxReadyTasksLists
                0x0080034e       0x2d tasks.o
 .bss.pxCurrentTCB
                0x0080037b        0x2 tasks.o
                0x0080037b                pxCurrentTCB
 *(COMMON)
 COMMON         0x0080037d        0x6 RTOS_LAB1_ATMEGA32.o
                0x0080037d                lcd_data
                0x0080037f                button
                0x00800381                idle
                0x00800383                PROVIDE (__bss_end, .)
                0x0000195a                __data_load_start = LOADADDR (.data)
                0x00001992                __data_load_end = (__data_load_start + SIZEOF (.data))

.noinit         0x00800383        0x0
                [!provide]                PROVIDE (__noinit_start, .)
 *(.noinit*)
                [!provide]                PROVIDE (__noinit_end, .)
                0x00800383                _end = .
                [!provide]                PROVIDE (__heap_start, .)

.eeprom         0x00810000        0x0
 *(.eeprom*)
                0x00810000                __eeprom_end = .

.fuse
 *(.fuse)
 *(.lfuse)
 *(.hfuse)
 *(.efuse)

.lock
 *(.lock*)

.signature
 *(.signature*)

.user_signatures
 *(.user_signatures*)

.stab
 *(.stab)

.stabstr
 *(.stabstr)

.stab.excl
 *(.stab.excl)

.stab.exclstr
 *(.stab.exclstr)

.stab.index
 *(.stab.index)

.stab.indexstr
 *(.stab.indexstr)

.comment        0x00000000       0x30
 *(.comment)
 .comment       0x00000000       0x30 DIO_prog.o
                                 0x31 (size before relaxing)
 .comment       0x00000030       0x31 heap_1.o
 .comment       0x00000030       0x31 KeyPad.o
 .comment       0x00000030       0x31 lcd_4bit.o
 .comment       0x00000030       0x31 list.o
 .comment       0x00000030       0x31 port.o
 .comment       0x00000030       0x31 queue.o
 .comment       0x00000030       0x31 RTOS_LAB1_ATMEGA32.o
 .comment       0x00000030       0x31 tasks.o

.note.gnu.avr.deviceinfo
                0x00000000       0x3c
 .note.gnu.avr.deviceinfo
                0x00000000       0x3c E:/7.0/Packs/atmel/ATmega_DFP/1.2.209/gcc/dev/atmega32/avr5/crtatmega32.o

.note.gnu.build-id
 *(.note.gnu.build-id)

.debug
 *(.debug)

.line
 *(.line)

.debug_srcinfo
 *(.debug_srcinfo)

.debug_sfnames
 *(.debug_sfnames)

.debug_aranges  0x00000000      0x320
 *(.debug_aranges)
 .debug_aranges
                0x00000000       0x48 DIO_prog.o
 .debug_aranges
                0x00000048       0x38 heap_1.o
 .debug_aranges
                0x00000080       0x28 KeyPad.o
 .debug_aranges
                0x000000a8       0x58 lcd_4bit.o
 .debug_aranges
                0x00000100       0x40 list.o
 .debug_aranges
                0x00000140       0x48 port.o
 .debug_aranges
                0x00000188       0x80 queue.o
 .debug_aranges
                0x00000208       0x60 RTOS_LAB1_ATMEGA32.o
 .debug_aranges
                0x00000268       0xb8 tasks.o

.debug_pubnames
 *(.debug_pubnames)

.debug_info     0x00000000     0x3d31
 *(.debug_info .gnu.linkonce.wi.*)
 .debug_info    0x00000000      0x4e6 E:/7.0/Packs/atmel/ATmega_DFP/1.2.209/gcc/dev/atmega32/avr5/crtatmega32.o
 .debug_info    0x000004e6      0x18a DIO_prog.o
 .debug_info    0x00000670      0x1a7 heap_1.o
 .debug_info    0x00000817      0x19a KeyPad.o
 .debug_info    0x000009b1      0x370 lcd_4bit.o
 .debug_info    0x00000d21      0x2c1 list.o
 .debug_info    0x00000fe2      0x23e port.o
 .debug_info    0x00001220      0xc1d queue.o
 .debug_info    0x00001e3d      0xdf7 RTOS_LAB1_ATMEGA32.o
 .debug_info    0x00002c34     0x10fd tasks.o

.debug_abbrev   0x00000000     0x1293
 *(.debug_abbrev)
 .debug_abbrev  0x00000000      0x4a3 E:/7.0/Packs/atmel/ATmega_DFP/1.2.209/gcc/dev/atmega32/avr5/crtatmega32.o
 .debug_abbrev  0x000004a3       0xb4 DIO_prog.o
 .debug_abbrev  0x00000557      0x136 heap_1.o
 .debug_abbrev  0x0000068d       0xe8 KeyPad.o
 .debug_abbrev  0x00000775      0x161 lcd_4bit.o
 .debug_abbrev  0x000008d6       0xf6 list.o
 .debug_abbrev  0x000009cc      0x16f port.o
 .debug_abbrev  0x00000b3b      0x22c queue.o
 .debug_abbrev  0x00000d67      0x26d RTOS_LAB1_ATMEGA32.o
 .debug_abbrev  0x00000fd4      0x2bf tasks.o

.debug_line     0x00000000     0x1ec6
 *(.debug_line .debug_line.* .debug_line_end)
 .debug_line    0x00000000      0x115 E:/7.0/Packs/atmel/ATmega_DFP/1.2.209/gcc/dev/atmega32/avr5/crtatmega32.o
 .debug_line    0x00000115      0x208 DIO_prog.o
 .debug_line    0x0000031d      0x110 heap_1.o
 .debug_line    0x0000042d      0x132 KeyPad.o
 .debug_line    0x0000055f      0x25b lcd_4bit.o
 .debug_line    0x000007ba      0x168 list.o
 .debug_line    0x00000922      0x268 port.o
 .debug_line    0x00000b8a      0x5e6 queue.o
 .debug_line    0x00001170      0x542 RTOS_LAB1_ATMEGA32.o
 .debug_line    0x000016b2      0x814 tasks.o

.debug_frame    0x00000000      0x8f0
 *(.debug_frame)
 .debug_frame   0x00000000       0x74 DIO_prog.o
 .debug_frame   0x00000074       0x60 heap_1.o
 .debug_frame   0x000000d4       0x64 KeyPad.o
 .debug_frame   0x00000138       0xbc lcd_4bit.o
 .debug_frame   0x000001f4       0x7c list.o
 .debug_frame   0x00000270       0xbc port.o
 .debug_frame   0x0000032c      0x1e0 queue.o
 .debug_frame   0x0000050c      0x174 RTOS_LAB1_ATMEGA32.o
 .debug_frame   0x00000680      0x270 tasks.o

.debug_str      0x00000000     0x1102
 *(.debug_str)
 .debug_str     0x00000000      0x196 E:/7.0/Packs/atmel/ATmega_DFP/1.2.209/gcc/dev/atmega32/avr5/crtatmega32.o
 .debug_str     0x00000196      0x1cc DIO_prog.o
                                0x1f3 (size before relaxing)
 .debug_str     0x00000362      0x10d heap_1.o
                                0x212 (size before relaxing)
 .debug_str     0x0000046f       0x4c KeyPad.o
                                0x1b2 (size before relaxing)
 .debug_str     0x000004bb       0xe5 lcd_4bit.o
                                0x254 (size before relaxing)
 .debug_str     0x000005a0      0x137 list.o
                                0x27a (size before relaxing)
 .debug_str     0x000006d7      0x109 port.o
                                0x277 (size before relaxing)
 .debug_str     0x000007e0      0x363 queue.o
                                0x5d0 (size before relaxing)
 .debug_str     0x00000b43      0x18b RTOS_LAB1_ATMEGA32.o
                                0x3c4 (size before relaxing)
 .debug_str     0x00000cce      0x434 tasks.o
                                0x872 (size before relaxing)

.debug_loc      0x00000000     0x2eab
 *(.debug_loc)
 .debug_loc     0x00000000      0x31f DIO_prog.o
 .debug_loc     0x0000031f       0xf1 heap_1.o
 .debug_loc     0x00000410      0x2de KeyPad.o
 .debug_loc     0x000006ee      0x494 lcd_4bit.o
 .debug_loc     0x00000b82       0xfe list.o
 .debug_loc     0x00000c80      0x36b port.o
 .debug_loc     0x00000feb      0xc58 queue.o
 .debug_loc     0x00001c43      0x5fa RTOS_LAB1_ATMEGA32.o
 .debug_loc     0x0000223d      0xc6e tasks.o

.debug_macinfo
 *(.debug_macinfo)

.debug_weaknames
 *(.debug_weaknames)

.debug_funcnames
 *(.debug_funcnames)

.debug_typenames
 *(.debug_typenames)

.debug_varnames
 *(.debug_varnames)

.debug_pubtypes
 *(.debug_pubtypes)

.debug_ranges   0x00000000      0x2e0
 *(.debug_ranges)
 .debug_ranges  0x00000000       0x38 DIO_prog.o
 .debug_ranges  0x00000038       0x28 heap_1.o
 .debug_ranges  0x00000060       0x18 KeyPad.o
 .debug_ranges  0x00000078       0x48 lcd_4bit.o
 .debug_ranges  0x000000c0       0x30 list.o
 .debug_ranges  0x000000f0       0x38 port.o
 .debug_ranges  0x00000128       0x70 queue.o
 .debug_ranges  0x00000198       0x70 RTOS_LAB1_ATMEGA32.o
 .debug_ranges  0x00000208       0xd8 tasks.o

.debug_macro
 *(.debug_macro)
OUTPUT(RTOS_LAB1_ATMEGA32.elf elf32-avr)
LOAD linker stubs
